Warning: Vehicle '37' performs emergency braking with decel=-9.000 wished=4.500 severity=1.000, time=21.166.
Warning: Vehicle '37' performs emergency braking with decel=-9.000 wished=4.500 severity=1.000, time=21.171.
Warning: Vehicle '37' performs emergency braking with decel=-9.000 wished=4.500 severity=1.000, time=21.177.
Warning: Vehicle '37' performs emergency braking with decel=-9.000 wished=4.500 severity=1.000, time=21.181.
Warning: Vehicle '37' performs emergency braking with decel=-9.000 wished=4.500 severity=1.000, time=21.187.
Warning: Vehicle '37' performs emergency braking with decel=-9.000 wished=4.500 severity=1.000, time=21.192.
Warning: Vehicle '37' performs emergency braking with decel=-9.000 wished=4.500 severity=1.000, time=21.197.
Warning: Vehicle '37' performs emergency braking with decel=-9.000 wished=4.500 severity=1.000, time=21.202.
Warning: Vehicle '37' performs emergency braking with decel=-9.000 wished=4.500 severity=1.000, time=21.207.
Warning: Vehicle '37' performs emergency braking with decel=-9.000 wished=4.500 severity=1.000, time=21.213.
Warning: Vehicle '37' performs emergency braking with decel=-9.000 wished=4.500 severity=1.000, time=21.217.
Warning: Vehicle '37' performs emergency braking with decel=-9.000 wished=4.500 severity=1.000, time=21.223.
Warning: Vehicle '37' performs emergency braking with decel=-9.000 wished=4.500 severity=1.000, time=21.228.
Warning: Vehicle '51' performs emergency braking with decel=-9.000 wished=4.500 severity=1.000, time=35.625.
Warning: Vehicle '1' performs emergency braking with decel=-9.000 wished=4.500 severity=1.000, time=56.739.
Warning: Vehicle '6' performs emergency braking with decel=-9.000 wished=4.500 severity=1.000, time=59.553.
Warning: Vehicle '39' performs emergency braking with decel=-9.000 wished=4.500 severity=1.000, time=63.885.
Warning: Vehicle '39' performs emergency braking with decel=-9.000 wished=4.500 severity=1.000, time=71.285.
Warning: Vehicle '39' performs emergency braking with decel=-9.000 wished=4.500 severity=1.000, time=80.362.
Warning: Vehicle '10' performs emergency braking with decel=-9.000 wished=4.500 severity=1.000, time=94.447.
Warning: Vehicle '46' performs emergency braking with decel=-9.000 wished=4.500 severity=1.000, time=101.955.
Warning: Vehicle '95' performs emergency braking with decel=-9.000 wished=4.500 severity=1.000, time=106.781.
Warning: Vehicle '49' performs emergency braking with decel=-9.000 wished=4.500 severity=1.000, time=111.536.
Warning: Vehicle '99' performs emergency braking with decel=-9.000 wished=4.500 severity=1.000, time=150.859.
Warning: Vehicle '97' performs emergency braking with decel=-9.000 wished=4.500 severity=1.000, time=184.788.
Warning: Vehicle '76' performs emergency braking with decel=-9.000 wished=4.500 severity=1.000, time=191.510.
Warning: Vehicle '89' performs emergency braking with decel=-9.000 wished=4.500 severity=1.000, time=196.040.
Warning: Vehicle '87' performs emergency braking with decel=-9.000 wished=4.500 severity=1.000, time=197.783.
Warning: Vehicle '87' performs emergency braking with decel=-9.000 wished=4.500 severity=1.000, time=197.785.
Warning: Vehicle '87' performs emergency braking with decel=-9.000 wished=4.500 severity=1.000, time=197.787.
Warning: Vehicle '87' performs emergency braking with decel=-9.000 wished=4.500 severity=1.000, time=198.110.
